[2026-08-18 16:17:03] ------------------------------------------------------------
[2026-08-18 16:17:03] Rems Receiver v2.7 loaded.
[2026-08-18 16:17:03] Valid menus: 385 normal, 387 gear-traded
[2026-08-18 16:19:05] ------------------------------------------------------------
[2026-08-18 16:19:05] Rems Receiver v2.7 loaded.
[2026-08-18 16:19:05] Valid menus: 385 normal, 387 gear-traded
[2026-08-18 16:19:53] ------------------------------------------------------------
[2026-08-18 16:19:53] Rems Receiver v2.7 loaded.
[2026-08-18 16:19:53] Valid menus: 385 normal, 387 gear-traded
[2026-08-18 16:19:57] ------------------------------------------------------------
[2026-08-18 16:19:57] Rems Receiver v2.7 loaded.
[2026-08-18 16:19:57] Valid menus: 385 normal, 387 gear-traded
[2026-08-18 16:20:07] START mode=single ch=1 qty=5
[2026-08-18 16:20:08] SEND mode=single menu=385 ch=1 amount=5 stored=12 option=1281
[2026-08-18 16:20:09] COMPLETE menu=385 ch=1 amount=5 option=1281 total=5
[2026-08-18 16:20:09] SINGLE COMPLETE ch=1 total=5
[2026-08-18 16:21:12] ------------------------------------------------------------
[2026-08-18 16:21:12] Rems Receiver v2.7 loaded.
[2026-08-18 16:21:12] Valid menus: 385 normal, 387 gear-traded
[2026-08-18 16:21:57] ------------------------------------------------------------
[2026-08-18 16:21:57] Rems Receiver v2.7 loaded.
[2026-08-18 16:21:57] Valid menus: 385 normal, 387 gear-traded
[2026-08-18 16:22:38] ------------------------------------------------------------
[2026-08-18 16:22:38] Rems Receiver v2.8 loaded.
[2026-08-18 16:22:38] Valid menus: 385 normal, 387 gear-traded
